Pair(
  Cons(102, Cons(101, Cons(0, Cons(100, Nil())))),
  Pair(103, Cons(102, Cons(101, Cons(0, Cons(102, Nil()))))))
