Cons(
  Pair(1, 1),
  Cons(
    Pair(1, 3),
    Cons(
      Pair(2, 2),
      Cons(
        Pair(2, 3),
        Cons(Pair(3, 1), Cons(Pair(3, 2), Cons(Pair(3, 3), Nil())))))))
