
begin 1
begin 2
done: first 1 first 2 onetwo done
middle 2
done: first 1 second 2 onetwo done
end 2
middle 1
begin 2
done: second 1 first 2 onetwo done
middle 2
done: second 1 second 2 onetwo done
end 2
end 1
